Archive member included to satisfy reference by file (symbol)

c:/program files (x86)/atollic/truestudio for stm32 9.1.0/armtools/bin/../lib/gcc/arm-atollic-eabi/6.3.1/../../../../arm-atollic-eabi/lib/armv7-m\libc.a(lib_a-init.o)
                              startup\startup_stm32f103xb.o (__libc_init_array)
c:/program files (x86)/atollic/truestudio for stm32 9.1.0/armtools/bin/../lib/gcc/arm-atollic-eabi/6.3.1/../../../../arm-atollic-eabi/lib/armv7-m\libc.a(lib_a-memcpy-stub.o)
                              Src\main.o (memcpy)
c:/program files (x86)/atollic/truestudio for stm32 9.1.0/armtools/bin/../lib/gcc/arm-atollic-eabi/6.3.1/../../../../arm-atollic-eabi/lib/armv7-m\libc.a(lib_a-memset.o)
                              Drivers\STM32F1xx_HAL_Driver\Src\stm32f1xx_hal_rcc.o (memset)
c:/program files (x86)/atollic/truestudio for stm32 9.1.0/armtools/bin/../lib/gcc/arm-atollic-eabi/6.3.1/../../../../arm-atollic-eabi/lib/armv7-m\libc.a(lib_a-sprintf.o)
                              Src\RTC.o (sprintf)
c:/program files (x86)/atollic/truestudio for stm32 9.1.0/armtools/bin/../lib/gcc/arm-atollic-eabi/6.3.1/../../../../arm-atollic-eabi/lib/armv7-m\libc.a(lib_a-strcpy.o)
                              Src\RTC.o (strcpy)
c:/program files (x86)/atollic/truestudio for stm32 9.1.0/armtools/bin/../lib/gcc/arm-atollic-eabi/6.3.1/../../../../arm-atollic-eabi/lib/armv7-m\libc.a(lib_a-svfprintf.o)
                              c:/program files (x86)/atollic/truestudio for stm32 9.1.0/armtools/bin/../lib/gcc/arm-atollic-eabi/6.3.1/../../../../arm-atollic-eabi/lib/armv7-m\libc.a(lib_a-sprintf.o) (_svfprintf_r)
c:/program files (x86)/atollic/truestudio for stm32 9.1.0/armtools/bin/../lib/gcc/arm-atollic-eabi/6.3.1/../../../../arm-atollic-eabi/lib/armv7-m\libc.a(lib_a-dtoa.o)
                              c:/program files (x86)/atollic/truestudio for stm32 9.1.0/armtools/bin/../lib/gcc/arm-atollic-eabi/6.3.1/../../../../arm-atollic-eabi/lib/armv7-m\libc.a(lib_a-svfprintf.o) (_dtoa_r)
c:/program files (x86)/atollic/truestudio for stm32 9.1.0/armtools/bin/../lib/gcc/arm-atollic-eabi/6.3.1/../../../../arm-atollic-eabi/lib/armv7-m\libc.a(lib_a-impure.o)
                              c:/program files (x86)/atollic/truestudio for stm32 9.1.0/armtools/bin/../lib/gcc/arm-atollic-eabi/6.3.1/../../../../arm-atollic-eabi/lib/armv7-m\libc.a(lib_a-sprintf.o) (_impure_ptr)
c:/program files (x86)/atollic/truestudio for stm32 9.1.0/armtools/bin/../lib/gcc/arm-atollic-eabi/6.3.1/../../../../arm-atollic-eabi/lib/armv7-m\libc.a(lib_a-localeconv.o)
                              c:/program files (x86)/atollic/truestudio for stm32 9.1.0/armtools/bin/../lib/gcc/arm-atollic-eabi/6.3.1/../../../../arm-atollic-eabi/lib/armv7-m\libc.a(lib_a-svfprintf.o) (_localeconv_r)
c:/program files (x86)/atollic/truestudio for stm32 9.1.0/armtools/bin/../lib/gcc/arm-atollic-eabi/6.3.1/../../../../arm-atollic-eabi/lib/armv7-m\libc.a(lib_a-malloc.o)
                              c:/program files (x86)/atollic/truestudio for stm32 9.1.0/armtools/bin/../lib/gcc/arm-atollic-eabi/6.3.1/../../../../arm-atollic-eabi/lib/armv7-m\libc.a(lib_a-dtoa.o) (malloc)
c:/program files (x86)/atollic/truestudio for stm32 9.1.0/armtools/bin/../lib/gcc/arm-atollic-eabi/6.3.1/../../../../arm-atollic-eabi/lib/armv7-m\libc.a(lib_a-mallocr.o)
                              c:/program files (x86)/atollic/truestudio for stm32 9.1.0/armtools/bin/../lib/gcc/arm-atollic-eabi/6.3.1/../../../../arm-atollic-eabi/lib/armv7-m\libc.a(lib_a-svfprintf.o) (_malloc_r)
c:/program files (x86)/atollic/truestudio for stm32 9.1.0/armtools/bin/../lib/gcc/arm-atollic-eabi/6.3.1/../../../../arm-atollic-eabi/lib/armv7-m\libc.a(lib_a-memchr-stub.o)
                              c:/program files (x86)/atollic/truestudio for stm32 9.1.0/armtools/bin/../lib/gcc/arm-atollic-eabi/6.3.1/../../../../arm-atollic-eabi/lib/armv7-m\libc.a(lib_a-svfprintf.o) (memchr)
c:/program files (x86)/atollic/truestudio for stm32 9.1.0/armtools/bin/../lib/gcc/arm-atollic-eabi/6.3.1/../../../../arm-atollic-eabi/lib/armv7-m\libc.a(lib_a-mlock.o)
                              c:/program files (x86)/atollic/truestudio for stm32 9.1.0/armtools/bin/../lib/gcc/arm-atollic-eabi/6.3.1/../../../../arm-atollic-eabi/lib/armv7-m\libc.a(lib_a-mallocr.o) (__malloc_lock)
c:/program files (x86)/atollic/truestudio for stm32 9.1.0/armtools/bin/../lib/gcc/arm-atollic-eabi/6.3.1/../../../../arm-atollic-eabi/lib/armv7-m\libc.a(lib_a-mprec.o)
                              c:/program files (x86)/atollic/truestudio for stm32 9.1.0/armtools/bin/../lib/gcc/arm-atollic-eabi/6.3.1/../../../../arm-atollic-eabi/lib/armv7-m\libc.a(lib_a-dtoa.o) (_Balloc)
c:/program files (x86)/atollic/truestudio for stm32 9.1.0/armtools/bin/../lib/gcc/arm-atollic-eabi/6.3.1/../../../../arm-atollic-eabi/lib/armv7-m\libc.a(lib_a-sbrkr.o)
[...]
Memory Configuration

Name             Origin             Length             Attributes
RAM              0x20000000         0x00005000         xrw
FLASH            0x08000000         0x00010000         xr
*default*        0x00000000         0xffffffff

Linker script and memory map

LOAD c:/program files (x86)/atollic/truestudio for stm32 9.1.0/armtools/bin/../lib/gcc/arm-atollic-eabi/6.3.1/armv7-m/crti.o
LOAD c:/program files (x86)/atollic/truestudio for stm32 9.1.0/armtools/bin/../lib/gcc/arm-atollic-eabi/6.3.1/armv7-m/crtbegin.o
LOAD Drivers\STM32F1xx_HAL_Driver\Src\stm32f1xx_hal.o
LOAD Drivers\STM32F1xx_HAL_Driver\Src\stm32f1xx_hal_cortex.o
LOAD Drivers\STM32F1xx_HAL_Driver\Src\stm32f1xx_hal_dma.o
LOAD Drivers\STM32F1xx_HAL_Driver\Src\stm32f1xx_hal_flash.o
LOAD Drivers\STM32F1xx_HAL_Driver\Src\stm32f1xx_hal_flash_ex.o
LOAD Drivers\STM32F1xx_HAL_Driver\Src\stm32f1xx_hal_gpio.o
LOAD Drivers\STM32F1xx_HAL_Driver\Src\stm32f1xx_hal_gpio_ex.o
LOAD Drivers\STM32F1xx_HAL_Driver\Src\stm32f1xx_hal_i2c.o
LOAD Drivers\STM32F1xx_HAL_Driver\Src\stm32f1xx_hal_pwr.o
LOAD Drivers\STM32F1xx_HAL_Driver\Src\stm32f1xx_hal_rcc.o
LOAD Drivers\STM32F1xx_HAL_Driver\Src\stm32f1xx_hal_rcc_ex.o
LOAD Drivers\STM32F1xx_HAL_Driver\Src\stm32f1xx_hal_tim.o
LOAD Drivers\STM32F1xx_HAL_Driver\Src\stm32f1xx_hal_tim_ex.o
LOAD Drivers\STM32F1xx_HAL_Driver\Src\stm32f1xx_hal_uart.o
LOAD Src\RTC.o
LOAD Src\fonts.o
LOAD Src\gpio.o
LOAD Src\i2c.o
LOAD Src\main.o
LOAD Src\ssd1306.o
LOAD Src\stm32f1xx_hal_msp.o
LOAD Src\stm32f1xx_it.o
LOAD Src\system_stm32f1xx.o
LOAD Src\usart.o
LOAD startup\startup_stm32f103xb.o
                0x00000080                malloc_getpagesize_P = 0x80
START GROUP
LOAD c:/program files (x86)/atollic/truestudio for stm32 9.1.0/armtools/bin/../lib/gcc/arm-atollic-eabi/6.3.1/../../../../arm-atollic-eabi/lib/armv7-m\libc.a
LOAD c:/program files (x86)/atollic/truestudio for stm32 9.1.0/armtools/bin/../lib/gcc/arm-atollic-eabi/6.3.1/../../../../arm-atollic-eabi/lib/armv7-m\libm.a
END GROUP
START GROUP
LOAD c:/program files (x86)/atollic/truestudio for stm32 9.1.0/armtools/bin/../lib/gcc/arm-atollic-eabi/6.3.1/armv7-m\libgcc.a
LOAD c:/program files (x86)/atollic/truestudio for stm32 9.1.0/armtools/bin/../lib/gcc/arm-atollic-eabi/6.3.1/../../../../arm-atollic-eabi/lib/armv7-m\libc.a
END GROUP
START GROUP
LOAD c:/program files (x86)/atollic/truestudio for stm32 9.1.0/armtools/bin/../lib/gcc/arm-atollic-eabi/6.3.1/armv7-m\libgcc.a
LOAD c:/program files (x86)/atollic/truestudio for stm32 9.1.0/armtools/bin/../lib/gcc/arm-atollic-eabi/6.3.1/../../../../arm-atollic-eabi/lib/armv7-m\libc.a
LOAD c:/program files (x86)/atollic/truestudio for stm32 9.1.0/armtools/bin/../lib/gcc/arm-atollic-eabi/6.3.1/../../../../arm-atollic-eabi/lib/armv7-m\libnosys.a
END GROUP
LOAD c:/program files (x86)/atollic/truestudio for stm32 9.1.0/armtools/bin/../lib/gcc/arm-atollic-eabi/6.3.1/armv7-m/crtend.o
LOAD c:/program files (x86)/atollic/truestudio for stm32 9.1.0/armtools/bin/../lib/gcc/arm-atollic-eabi/6.3.1/armv7-m/crtn.o
                0x20005000                _estack = 0x20005000
                0x00000200                _Min_Heap_Size = 0x200
                0x00000400                _Min_Stack_Size = 0x400

.isr_vector     0x08000000      0x10c
                0x08000000                . = ALIGN (0x4)
 *(.isr_vector)
 .isr_vector    0x08000000      0x10c startup\startup_stm32f103xb.o
                0x08000000                g_pfnVectors
                0x0800010c                . = ALIGN (0x4)

.text           0x08000110     0x59c0
                0x08000110                . = ALIGN (0x4)
 *(.text)
 .text          0x08000110       0x40 c:/program files (x86)/atollic/truestudio for stm32 9.1.0/armtools/bin/../lib/gcc/arm-atollic-eabi/6.3.1/armv7-m/crtbegin.o
 .text          0x08000150       0x10 c:/program files (x86)/atollic/truestudio for stm32 9.1.0/armtools/bin/../lib/gcc/arm-atollic-eabi/6.3.1/../../../../arm-atollic-eabi/lib/armv7-m\libc.a(lib_a-strlen.o)
                0x08000150                strlen
 .text          0x08000160      0x370 c:/program files (x86)/atollic/truestudio for stm32 9.1.0/armtools/bin/../lib/gcc/arm-atollic-eabi/6.3.1/armv7-m\libgcc.a(_arm_addsubdf3.o)
                0x08000160                __aeabi_drsub
                0x08000168                __aeabi_dsub
                0x08000168                __subdf3
                0x0800016c                __aeabi_dadd
                0x0800016c                __adddf3
                0x080003e4                __floatunsidf
                0x080003e4                __aeabi_ui2d
                0x08000404                __floatsidf
                0x08000404                __aeabi_i2d
                0x08000428                __aeabi_f2d
                0x08000428                __extendsfdf2
                0x08000464                __floatundidf
                0x08000464                __aeabi_ul2d
                0x08000474                __floatdidf
                0x08000474                __aeabi_l2d
 .text          0x080004d0      0x424 c:/program files (x86)/atollic/truestudio for stm32 9.1.0/armtools/bin/../lib/gcc/arm-atollic-eabi/6.3.1/armv7-m\libgcc.a(_arm_muldivdf3.o)
                0x080004d0                __aeabi_dmul
                0x080004d0                __muldf3
                0x08000724                __divdf3
                0x08000724                __aeabi_ddiv
 .text          0x080008f4      0x110 c:/program files (x86)/atollic/truestudio for stm32 9.1.0/armtools/bin/../lib/gcc/arm-atollic-eabi/6.3.1/armv7-m\libgcc.a(_arm_cmpdf2.o)
                0x080008f4                __gtdf2
                0x080008f4                __gedf2
                0x080008fc                __ltdf2
                0x080008fc                __ledf2
                0x08000904                __nedf2
                0x08000904                __eqdf2
                0x08000904                __cmpdf2
                0x08000980                __aeabi_cdrcmple
                0x08000990                __aeabi_cdcmpeq
                0x08000990                __aeabi_cdcmple
                0x080009a0                __aeabi_dcmpeq
                0x080009b4                __aeabi_dcmplt
                0x080009c8                __aeabi_dcmple
                0x080009dc                __aeabi_dcmpge
                0x080009f0                __aeabi_dcmpgt
 .text          0x08000a04       0x2c c:/program files (x86)/atollic/truestudio for stm32 9.1.0/armtools/bin/../lib/gcc/arm-atollic-eabi/6.3.1/armv7-m\libgcc.a(_arm_unorddf2.o)
                0x08000a04                __unorddf2
                0x08000a04                __aeabi_dcmpun
 .text          0x08000a30       0x50 c:/program files (x86)/atollic/truestudio for stm32 9.1.0/armtools/bin/../lib/gcc/arm-atollic-eabi/6.3.1/armv7-m\libgcc.a(_arm_fixdfsi.o)
                0x08000a30                __aeabi_d2iz
                0x08000a30                __fixdfsi
 .text          0x08000a80       0x30 c:/program files (x86)/atollic/truestudio for stm32 9.1.0/armtools/bin/../lib/gcc/arm-atollic-eabi/6.3.1/armv7-m\libgcc.a(_aeabi_uldivmod.o)
                0x08000a80                __aeabi_uldivmod
 .text          0x08000ab0      0x2dc c:/program files (x86)/atollic/truestudio for stm32 9.1.0/armtools/bin/../lib/gcc/arm-atollic-eabi/6.3.1/armv7-m\libgcc.a(_udivmoddi4.o)
                0x08000ab0                __udivmoddi4
 .text          0x08000d8c        0x4 c:/program files (x86)/atollic/truestudio for stm32 9.1.0/armtools/bin/../lib/gcc/arm-atollic-eabi/6.3.1/armv7-m\libgcc.a(_dvmd_tls.o)
                0x08000d8c                __aeabi_idiv0
                0x08000d8c                __aeabi_ldiv0
 *(.text*)
 .text.HAL_InitTick
                0x08000d90       0x48 Drivers\STM32F1xx_HAL_Driver\Src\stm32f1xx_hal.o
                0x08000d90                HAL_InitTick
 .text.HAL_Init
                0x08000dd8       0x24 Drivers\STM32F1xx_HAL_Driver\Src\stm32f1xx_hal.o
                0x08000dd8                HAL_Init
 .text.HAL_IncTick
                0x08000dfc       0x18 Drivers\STM32F1xx_HAL_Driver\Src\stm32f1xx_hal.o
                0x08000dfc                HAL_IncTick
 .text.HAL_GetTick
                0x08000e14        0xc Drivers\STM32F1xx_HAL_Driver\Src\stm32f1xx_hal.o
                0x08000e14                HAL_GetTick
 .text.HAL_Delay
                0x08000e20       0x24 Drivers\STM32F1xx_HAL_Driver\Src\stm32f1xx_hal.o
                0x08000e20                HAL_Delay
 .text.HAL_NVIC_SetPriorityGrouping
                0x08000e44       0x24 Drivers\STM32F1xx_HAL_Driver\Src\stm32f1xx_hal_cortex.o
                0x08000e44                HAL_NVIC_SetPriorityGrouping
 .text.HAL_NVIC_SetPriority
                0x08000e68       0x68 Drivers\STM32F1xx_HAL_Driver\Src\stm32f1xx_hal_cortex.o
                0x08000e68                HAL_NVIC_SetPriority
 .text.HAL_SYSTICK_Config
                0x08000ed0       0x2c Drivers\STM32F1xx_HAL_Driver\Src\stm32f1xx_hal_cortex.o
                0x08000ed0                HAL_SYSTICK_Config
 .text.HAL_GPIO_Init
                0x08000efc      0x1c0 Drivers\STM32F1xx_HAL_Driver\Src\stm32f1xx_hal_gpio.o
                0x08000efc                HAL_GPIO_Init
 .text.I2C_IsAcknowledgeFailed
                0x080010bc       0x2a Drivers\STM32F1xx_HAL_Driver\Src\stm32f1xx_hal_i2c.o
 .text.I2C_WaitOnMasterAddressFlagUntilTimeout
                0x080010e6       0x80 Drivers\STM32F1xx_HAL_Driver\Src\stm32f1xx_hal_i2c.o
 .text.I2C_WaitOnFlagUntilTimeout
                0x08001166       0x5c Drivers\STM32F1xx_HAL_Driver\Src\stm32f1xx_hal_i2c.o
 .text.I2C_WaitOnTXEFlagUntilTimeout
                0x080011c2       0x4c Drivers\STM32F1xx_HAL_Driver\Src\stm32f1xx_hal_i2c.o
 *fill*         0x0800120e        0x2 
 .text.I2C_RequestMemoryWrite
                0x08001210       0xa4 Drivers\STM32F1xx_HAL_Driver\Src\stm32f1xx_hal_i2c.o
 .text.I2C_WaitOnRXNEFlagUntilTimeout
                0x080012b4       0x5a Drivers\STM32F1xx_HAL_Driver\Src\stm32f1xx_hal_i2c.o
 .text.I2C_WaitOnBTFFlagUntilTimeout
                0x0800130e       0x4c Drivers\STM32F1xx_HAL_Driver\Src\stm32f1xx_hal_i2c.o
 *fill*         0x0800135a        0x2 
 .text.HAL_I2C_Init
                0x0800135c      0x100 Drivers\STM32F1xx_HAL_Driver\Src\stm32f1xx_hal_i2c.o
                0x0800135c                HAL_I2C_Init
 .text.HAL_I2C_Master_Transmit
                0x0800145c      0x1ac Drivers\STM32F1xx_HAL_Driver\Src\stm32f1xx_hal_i2c.o
                0x0800145c                HAL_I2C_Master_Transmit
 .text.HAL_I2C_Master_Receive
                0x08001608      0x304 Drivers\STM32F1xx_HAL_Driver\Src\stm32f1xx_hal_i2c.o
                0x08001608                HAL_I2C_Master_Receive
 .text.HAL_I2C_Mem_Write
                0x0800190c      0x12c Drivers\STM32F1xx_HAL_Driver\Src\stm32f1xx_hal_i2c.o
                0x0800190c                HAL_I2C_Mem_Write
 .text.HAL_I2C_GetState
                0x08001a38        0x6 Drivers\STM32F1xx_HAL_Driver\Src\stm32f1xx_hal_i2c.o
                0x08001a38                HAL_I2C_GetState
 .text.HAL_I2C_GetError
                0x08001a3e        0x4 Drivers\STM32F1xx_HAL_Driver\Src\stm32f1xx_hal_i2c.o
                0x08001a3e                HAL_I2C_GetError
 *fill*         0x08001a42        0x2 
 .text.HAL_RCC_OscConfig
                0x08001a44      0x318 Drivers\STM32F1xx_HAL_Driver\Src\stm32f1xx_hal_rcc.o
                0x08001a44                HAL_RCC_OscConfig
 .text.HAL_RCC_GetSysClockFreq
                0x08001d5c       0x78 Drivers\STM32F1xx_HAL_Driver\Src\stm32f1xx_hal_rcc.o
                0x08001d5c                HAL_RCC_GetSysClockFreq
 .text.HAL_RCC_ClockConfig
                0x08001dd4      0x164 Drivers\STM32F1xx_HAL_Driver\Src\stm32f1xx_hal_rcc.o
                0x08001dd4                HAL_RCC_ClockConfig
 .text.HAL_RCC_GetPCLK1Freq
                0x08001f38       0x20 Drivers\STM32F1xx_HAL_Driver\Src\stm32f1xx_hal_rcc.o
                0x08001f38                HAL_RCC_GetPCLK1Freq
 .text.HAL_RCC_GetPCLK2Freq
                0x08001f58       0x20 Drivers\STM32F1xx_HAL_Driver\Src\stm32f1xx_hal_rcc.o
                0x08001f58                HAL_RCC_GetPCLK2Freq
 .text.UART_SetConfig
                0x08001f78      0x13c Drivers\STM32F1xx_HAL_Driver\Src\stm32f1xx_hal_uart.o
 .text.UART_WaitOnFlagUntilTimeout.constprop.3
                0x080020b4       0x50 Drivers\STM32F1xx_HAL_Driver\Src\stm32f1xx_hal_uart.o
 .text.HAL_UART_Init
                0x08002104       0x5c Drivers\STM32F1xx_HAL_Driver\Src\stm32f1xx_hal_uart.o
                0x08002104                HAL_UART_Init
 .text.HAL_UART_Transmit
                0x08002160       0xb8 Drivers\STM32F1xx_HAL_Driver\Src\stm32f1xx_hal_uart.o
                0x08002160                HAL_UART_Transmit
 .text.RTC_ConvertFromDec
                0x08002218       0x12 Src\RTC.o
                0x08002218                RTC_ConvertFromDec
 *fill*         0x0800222a        0x2 
 .text.I2C_WriteBuffer
                0x0800222c       0x78 Src\RTC.o
                0x0800222c                I2C_WriteBuffer
 .text.I2C_ReadCalendarData
                0x080022a4       0x74 Src\RTC.o
                0x080022a4                I2C_ReadCalendarData
 .text.readSeconds
                0x08002318       0x40 Src\RTC.o
                0x08002318                readSeconds
 .text.readMinutes
                0x08002358       0x40 Src\RTC.o
                0x08002358                readMinutes
 .text.readHours
                0x08002398       0x40 Src\RTC.o
                0x08002398                readHours
 .text.readDay  0x080023d8       0x34 Src\RTC.o
                0x080023d8                readDay
 .text.readDate
                0x0800240c       0x40 Src\RTC.o
                0x0800240c                readDate
 .text.readMonth
                0x0800244c       0x40 Src\RTC.o
                0x0800244c                readMonth
 .text.readYear
                0x0800248c       0x40 Src\RTC.o
                0x0800248c                readYear
 .text.MX_GPIO_Init
                0x080024cc       0x44 Src\gpio.o
                0x080024cc                MX_GPIO_Init
 .text.MX_I2C1_Init
                0x08002510       0x40 Src\i2c.o
                0x08002510                MX_I2C1_Init
 .text.MX_I2C2_Init
                0x08002550       0x40 Src\i2c.o
                0x08002550                MX_I2C2_Init
 .text.HAL_I2C_MspInit
                0x08002590       0xac Src\i2c.o
                0x08002590                HAL_I2C_MspInit
 .text.SystemClock_Config
                0x0800263c       0x54 Src\main.o
                0x0800263c                SystemClock_Config
 .text.startup.main
                0x08002690      0x19c Src\main.o
                0x08002690                main
 .text.Error_Handler
                0x0800282c        0x2 Src\main.o
                0x0800282c                Error_Handler
 *fill*         0x0800282e        0x2 
 .text.ssd1306_WriteCommand
                0x08002830       0x28 Src\ssd1306.o
 .text.ssd1306_Fill
                0x08002858       0x1c Src\ssd1306.o
                0x08002858                ssd1306_Fill
 .text.ssd1306_UpdateScreen
                0x08002874       0x4c Src\ssd1306.o
                0x08002874                ssd1306_UpdateScreen
 .text.ssd1306_Init
                0x080028c0       0xcc Src\ssd1306.o
                0x080028c0                ssd1306_Init
 .text.ssd1306_DrawPixel
                0x0800298c       0x48 Src\ssd1306.o
                0x0800298c                ssd1306_DrawPixel
 .text.ssd1306_WriteChar
                0x080029d4       0x98 Src\ssd1306.o
                0x080029d4                ssd1306_WriteChar
 .text.ssd1306_WriteString
                0x08002a6c       0x2a Src\ssd1306.o
                0x08002a6c                ssd1306_WriteString
 *fill*         0x08002a96        0x2 
 .text.ssd1306_SetCursor
                0x08002a98        0xc Src\ssd1306.o
                0x08002a98                ssd1306_SetCursor
 .text.HAL_MspInit
                0x08002aa4       0x44 Src\stm32f1xx_hal_msp.o
                0x08002aa4                HAL_MspInit
 .text.NMI_Handler
                0x08002ae8        0x2 Src\stm32f1xx_it.o
                0x08002ae8                NMI_Handler
 .text.HardFault_Handler
                0x08002aea        0x2 Src\stm32f1xx_it.o
                0x08002aea                HardFault_Handler
 .text.MemManage_Handler
                0x08002aec        0x2 Src\stm32f1xx_it.o
                0x08002aec                MemManage_Handler
 .text.BusFault_Handler
                0x08002aee        0x2 Src\stm32f1xx_it.o
                0x08002aee                BusFault_Handler
 .text.UsageFault_Handler
                0x08002af0        0x2 Src\stm32f1xx_it.o
                0x08002af0                UsageFault_Handler
 .text.SVC_Handler
                0x08002af2        0x2 Src\stm32f1xx_it.o
                0x08002af2                SVC_Handler
 .text.DebugMon_Handler
                0x08002af4        0x2 Src\stm32f1xx_it.o
                0x08002af4                DebugMon_Handler
 .text.PendSV_Handler
                0x08002af6        0x2 Src\stm32f1xx_it.o
                0x08002af6                PendSV_Handler
 .text.SysTick_Handler
                0x08002af8        0x4 Src\stm32f1xx_it.o
                0x08002af8                SysTick_Handler
 .text.SystemInit
                0x08002afc       0x4c Src\system_stm32f1xx.o
                0x08002afc                SystemInit
 .text.MX_USART1_UART_Init
                0x08002b48       0x38 Src\usart.o
                0x08002b48                MX_USART1_UART_Init
 .text.HAL_UART_MspInit
                0x08002b80       0x78 Src\usart.o
                0x08002b80                HAL_UART_MspInit
 .text.Reset_Handler
                0x08002bf8       0x48 startup\startup_stm32f103xb.o
                0x08002bf8                Reset_Handler
 .text.Default_Handler
                0x08002c40        0x2 startup\startup_stm32f103xb.o
                0x08002c40                RTC_Alarm_IRQHandler
                0x08002c40                EXTI2_IRQHandler
                0x08002c40                TIM1_CC_IRQHandler
                0x08002c40                PVD_IRQHandler
                0x08002c40                EXTI3_IRQHandler
                0x08002c40                EXTI0_IRQHandler
                0x08002c40                I2C2_EV_IRQHandler
                0x08002c40                ADC1_2_IRQHandler
                0x08002c40                SPI1_IRQHandler
                0x08002c40                TAMPER_IRQHandler
                0x08002c40                DMA1_Channel4_IRQHandler
                0x08002c40                USART3_IRQHandler
                0x08002c40                RTC_IRQHandler
                0x08002c40                DMA1_Channel7_IRQHandler
                0x08002c40                CAN1_RX1_IRQHandler
                0x08002c40                TIM4_IRQHandler
                0x08002c40                I2C1_EV_IRQHandler
                0x08002c40                DMA1_Channel6_IRQHandler
                0x08002c40                TIM3_IRQHandler
                0x08002c40                RCC_IRQHandler
                0x08002c40                TIM1_TRG_COM_IRQHandler
                0x08002c40                DMA1_Channel1_IRQHandler
                0x08002c40                Default_Handler
                0x08002c40                EXTI15_10_IRQHandler
                0x08002c40                EXTI9_5_IRQHandler
                0x08002c40                SPI2_IRQHandler
                0x08002c40                DMA1_Channel5_IRQHandler
                0x08002c40                EXTI4_IRQHandler
                0x08002c40                USB_LP_CAN1_RX0_IRQHandler
                0x08002c40                USB_HP_CAN1_TX_IRQHandler
                0x08002c40                DMA1_Channel3_IRQHandler
                0x08002c40                TIM1_UP_IRQHandler
                0x08002c40                WWDG_IRQHandler
                0x08002c40                TIM2_IRQHandler
                0x08002c40                TIM1_BRK_IRQHandler
                0x08002c40                EXTI1_IRQHandler
                0x08002c40                USART2_IRQHandler
                0x08002c40                I2C2_ER_IRQHandler
                0x08002c40                DMA1_Channel2_IRQHandler
                0x08002c40                CAN1_SCE_IRQHandler
                0x08002c40                FLASH_IRQHandler
                0x08002c40                USART1_IRQHandler
                0x08002c40                I2C1_ER_IRQHandler
                0x08002c40                USBWakeUp_IRQHandler
 *fill*         0x08002c42        0x2 
 .text.__libc_init_array
                0x08002c44       0x48 c:/program files (x86)/atollic/truestudio for stm32 9.1.0/armtools/bin/../lib/gcc/arm-atollic-eabi/6.3.1/../../../../arm-atollic-eabi/lib/armv7-m\libc.a(lib_a-init.o)
                0x08002c44                __libc_init_array
 .text.memcpy   0x08002c8c       0x16 c:/program files (x86)/atollic/truestudio for stm32 9.1.0/armtools/bin/../lib/gcc/arm-atollic-eabi/6.3.1/../../../../arm-atollic-eabi/lib/armv7-m\libc.a(lib_a-memcpy-stub.o)
                0x08002c8c                memcpy
 .text.memset   0x08002ca2       0x10 c:/program files (x86)/atollic/truestudio for stm32 9.1.0/armtools/bin/../lib/gcc/arm-atollic-eabi/6.3.1/../../../../arm-atollic-eabi/lib/armv7-m\libc.a(lib_a-memset.o)
                0x08002ca2                memset
 *fill*         0x08002cb2        0x2 
 .text.sprintf  0x08002cb4       0x48 c:/program files (x86)/atollic/truestudio for stm32 9.1.0/armtools/bin/../lib/gcc/arm-atollic-eabi/6.3.1/../../../../arm-atollic-eabi/lib/armv7-m\libc.a(lib_a-sprintf.o)
                0x08002cb4                sprintf
 .text.strcpy   0x08002cfc       0x10 c:/program files (x86)/atollic/truestudio for stm32 9.1.0/armtools/bin/../lib/gcc/arm-atollic-eabi/6.3.1/../../../../arm-atollic-eabi/lib/armv7-m\libc.a(lib_a-strcpy.o)
                0x08002cfc                strcpy
 .text._svfprintf_r
                0x08002d0c      0xfa0 c:/program files (x86)/atollic/truestudio for stm32 9.1.0/armtools/bin/../lib/gcc/arm-atollic-eabi/6.3.1/../../../../arm-atollic-eabi/lib/armv7-m\libc.a(lib_a-svfprintf.o)
                0x08002d0c                _svfprintf_r
 .text.quorem   0x08003cac      0x118 c:/program files (x86)/atollic/truestudio for stm32 9.1.0/armtools/bin/../lib/gcc/arm-atollic-eabi/6.3.1/../../../../arm-atollic-eabi/lib/armv7-m\libc.a(lib_a-dtoa.o)
 *fill*         0x08003dc4        0x4 
 .text._dtoa_r  0x08003dc8      0xba8 c:/program files (x86)/atollic/truestudio for stm32 9.1.0/armtools/bin/../lib/gcc/arm-atollic-eabi/6.3.1/../../../../arm-atollic-eabi/lib/armv7-m\libc.a(lib_a-dtoa.o)
                0x08003dc8                _dtoa_r
 .text._localeconv_r
                0x08004970       0x1c c:/program files (x86)/atollic/truestudio for stm32 9.1.0/armtools/bin/../lib/gcc/arm-atollic-eabi/6.3.1/../../../../arm-atollic-eabi/lib/armv7-m\libc.a(lib_a-localeconv.o)
                0x08004970                _localeconv_r
 .text.malloc   0x0800498c       0x10 c:/program files (x86)/atollic/truestudio for stm32 9.1.0/armtools/bin/../lib/gcc/arm-atollic-eabi/6.3.1/../../../../arm-atollic-eabi/lib/armv7-m\libc.a(lib_a-malloc.o)
                0x0800498c                malloc
 .text._malloc_r
                0x0800499c      0x418 c:/program files (x86)/atollic/truestudio for stm32 9.1.0/armtools/bin/../lib/gcc/arm-atollic-eabi/6.3.1/../../../../arm-atollic-eabi/lib/armv7-m\libc.a(lib_a-mallocr.o)
                0x0800499c                _malloc_r
 .text.memchr   0x08004db4       0x1c c:/program files (x86)/atollic/truestudio for stm32 9.1.0/armtools/bin/../lib/gcc/arm-atollic-eabi/6.3.1/../../../../arm-atollic-eabi/lib/armv7-m\libc.a(lib_a-memchr-stub.o)
                0x08004db4                memchr
 .text.__malloc_lock
                0x08004dd0        0xc c:/program files (x86)/atollic/truestudio for stm32 9.1.0/armtools/bin/../lib/gcc/arm-atollic-eabi/6.3.1/../../../../arm-atollic-eabi/lib/armv7-m\libc.a(lib_a-mlock.o)
                0x08004dd0                __malloc_lock
 .text.__malloc_unlock
                0x08004ddc        0xc c:/program files (x86)/atollic/truestudio for stm32 9.1.0/armtools/bin/../lib/gcc/arm-atollic-eabi/6.3.1/../../../../arm-atollic-eabi/lib/armv7-m\libc.a(lib_a-mlock.o)
                0x08004ddc                __malloc_unlock
 .text._Balloc  0x08004de8       0x68 c:/program files (x86)/atollic/truestudio for stm32 9.1.0/armtools/bin/../lib/gcc/arm-atollic-eabi/6.3.1/../../../../arm-atollic-eabi/lib/armv7-m\libc.a(lib_a-mprec.o)
                0x08004de8                _Balloc
 .text._Bfree   0x08004e50       0x2e c:/program files (x86)/atollic/truestudio for stm32 9.1.0/armtools/bin/../lib/gcc/arm-atollic-eabi/6.3.1/../../../../arm-atollic-eabi/lib/armv7-m\libc.a(lib_a-mprec.o)
                0x08004e50                _Bfree
 .text.__multadd
                0x08004e7e       0x76 c:/program files (x86)/atollic/truestudio for stm32 9.1.0/armtools/bin/../lib/gcc/arm-atollic-eabi/6.3.1/../../../../arm-atollic-eabi/lib/armv7-m\libc.a(lib_a-mprec.o)
                0x08004e7e                __multadd
 .text.__hi0bits
                0x08004ef4       0x3e c:/program files (x86)/atollic/truestudio for stm32 9.1.0/armtools/bin/../lib/gcc/arm-atollic-eabi/6.3.1/../../../../arm-atollic-eabi/lib/armv7-m\libc.a(lib_a-mprec.o)
                0x08004ef4                __hi0bits
 .text.__lo0bits
                0x08004f32       0x5e c:/program files (x86)/atollic/truestudio for stm32 9.1.0/armtools/bin/../lib/gcc/arm-atollic-eabi/6.3.1/../../../../arm-atollic-eabi/lib/armv7-m\libc.a(lib_a-mprec.o)
                0x08004f32                __lo0bits
 .text.__i2b    0x08004f90       0x12 c:/program files (x86)/atollic/truestudio for stm32 9.1.0/armtools/bin/../lib/gcc/arm-atollic-eabi/6.3.1/../../../../arm-atollic-eabi/lib/armv7-m\libc.a(lib_a-mprec.o)
                0x08004f90                __i2b
 .text.__multiply
                0x08004fa2      0x118 c:/program files (x86)/atollic/truestudio for stm32 9.1.0/armtools/bin/../lib/gcc/arm-atollic-eabi/6.3.1/../../../../arm-atollic-eabi/lib/armv7-m\libc.a(lib_a-mprec.o)
                0x08004fa2                __multiply
 *fill*         0x080050ba        0x2 
 .text.__pow5mult
                0x080050bc       0x9c c:/program files (x86)/atollic/truestudio for stm32 9.1.0/armtools/bin/../lib/gcc/arm-atollic-eabi/6.3.1/../../../../arm-atollic-eabi/lib/armv7-m\libc.a(lib_a-mprec.o)
                0x080050bc                __pow5mult
 .text.__lshift
                0x08005158       0xa2 c:/program files (x86)/atollic/truestudio for stm32 9.1.0/armtools/bin/../lib/gcc/arm-atollic-eabi/6.3.1/../../../../arm-atollic-eabi/lib/armv7-m\libc.a(lib_a-mprec.o)
                0x08005158                __lshift
 .text.__mcmp   0x080051fa       0x34 c:/program files (x86)/atollic/truestudio for stm32 9.1.0/armtools/bin/../lib/gcc/arm-atollic-eabi/6.3.1/../../../../arm-atollic-eabi/lib/armv7-m\libc.a(lib_a-mprec.o)
                0x080051fa                __mcmp
 .text.__mdiff  0x0800522e       0xbe c:/program files (x86)/atollic/truestudio for stm32 9.1.0/armtools/bin/../lib/gcc/arm-atollic-eabi/6.3.1/../../../../arm-atollic-eabi/lib/armv7-m\libc.a(lib_a-mprec.o)
                0x0800522e                __mdiff
 .text.__d2b    0x080052ec       0x9e c:/program files (x86)/atollic/truestudio for stm32 9.1.0/armtools/bin/../lib/gcc/arm-atollic-eabi/6.3.1/../../../../arm-atollic-eabi/lib/armv7-m\libc.a(lib_a-mprec.o)
                0x080052ec                __d2b
 *fill*         0x0800538a        0x2 
 .text._sbrk_r  0x0800538c       0x20 c:/program files (x86)/atollic/truestudio for stm32 9.1.0/armtools/bin/../lib/gcc/arm-atollic-eabi/6.3.1/../../../../arm-atollic-eabi/lib/armv7-m\libc.a(lib_a-sbrkr.o)
                0x0800538c                _sbrk_r
 .text.__ssprint_r
                0x080053ac       0xf4 c:/program files (x86)/atollic/truestudio for stm32 9.1.0/armtools/bin/../lib/gcc/arm-atollic-eabi/6.3.1/../../../../arm-atollic-eabi/lib/armv7-m\libc.a(lib_a-svfiprintf.o)
                0x080053ac                __ssprint_r
 .text._calloc_r
                0x080054a0       0x5a c:/program files (x86)/atollic/truestudio for stm32 9.1.0/armtools/bin/../lib/gcc/arm-atollic-eabi/6.3.1/../../../../arm-atollic-eabi/lib/armv7-m\libc.a(lib_a-callocr.o)
                0x080054a0                _calloc_r
 *fill*         0x080054fa        0x2 
 .text._malloc_trim_r
                0x080054fc       0xac c:/program files (x86)/atollic/truestudio for stm32 9.1.0/armtools/bin/../lib/gcc/arm-atollic-eabi/6.3.1/../../../../arm-atollic-eabi/lib/armv7-m\libc.a(lib_a-freer.o)
                0x080054fc                _malloc_trim_r
 .text._free_r  0x080055a8      0x178 c:/program files (x86)/atollic/truestudio for stm32 9.1.0/armtools/bin/../lib/gcc/arm-atollic-eabi/6.3.1/../../../../arm-atollic-eabi/lib/armv7-m\libc.a(lib_a-freer.o)
                0x080055a8                _free_r
 .text.__retarget_lock_acquire_recursive
                0x08005720        0x2 c:/program files (x86)/atollic/truestudio for stm32 9.1.0/armtools/bin/../lib/gcc/arm-atollic-eabi/6.3.1/../../../../arm-atollic-eabi/lib/armv7-m\libc.a(lib_a-lock.o)
                0x08005720                __retarget_lock_acquire_recursive
 .text.__retarget_lock_release_recursive
                0x08005722        0x2 c:/program files (x86)/atollic/truestudio for stm32 9.1.0/armtools/bin/../lib/gcc/arm-atollic-eabi/6.3.1/../../../../arm-atollic-eabi/lib/armv7-m\libc.a(lib_a-lock.o)
                0x08005722                __retarget_lock_release_recursive
 .text.__ascii_mbtowc
                0x08005724       0x24 c:/program files (x86)/atollic/truestudio for stm32 9.1.0/armtools/bin/../lib/gcc/arm-atollic-eabi/6.3.1/../../../../arm-atollic-eabi/lib/armv7-m\libc.a(lib_a-mbtowc_r.o)
                0x08005724                __ascii_mbtowc
 .text.memmove  0x08005748       0x34 c:/program files (x86)/atollic/truestudio for stm32 9.1.0/armtools/bin/../lib/gcc/arm-atollic-eabi/6.3.1/../../../../arm-atollic-eabi/lib/armv7-m\libc.a(lib_a-memmove.o)
                0x08005748                memmove
 .text._realloc_r
                0x0800577c      0x304 c:/program files (x86)/atollic/truestudio for stm32 9.1.0/armtools/bin/../lib/gcc/arm-atollic-eabi/6.3.1/../../../../arm-atollic-eabi/lib/armv7-m\libc.a(lib_a-reallocr.o)
                0x0800577c                _realloc_r
 .text.__ascii_wctomb
                0x08005a80       0x1a c:/program files (x86)/atollic/truestudio for stm32 9.1.0/armtools/bin/../lib/gcc/arm-atollic-eabi/6.3.1/../../../../arm-atollic-eabi/lib/armv7-m\libc.a(lib_a-wctomb_r.o)
                0x08005a80                __ascii_wctomb
 *fill*         0x08005a9a        0x2 
 .text._sbrk    0x08005a9c       0x1c c:/program files (x86)/atollic/truestudio for stm32 9.1.0/armtools/bin/../lib/gcc/arm-atollic-eabi/6.3.1/../../../../arm-atollic-eabi/lib/armv7-m\libnosys.a(sbrk.o)
                0x08005a9c                _sbrk
 *(.glue_7)
 .glue_7        0x08005ab8        0x0 linker stubs
 *(.glue_7t)
 .glue_7t       0x08005ab8        0x0 linker stubs
 *(.eh_frame)
 .eh_frame      0x08005ab8        0x0 c:/program files (x86)/atollic/truestudio for stm32 9.1.0/armtools/bin/../lib/gcc/arm-atollic-eabi/6.3.1/armv7-m/crtbegin.o
 *(.init)
 .init          0x08005ab8        0x4 c:/program files (x86)/atollic/truestudio for stm32 9.1.0/armtools/bin/../lib/gcc/arm-atollic-eabi/6.3.1/armv7-m/crti.o
                0x08005ab8                _init
 .init          0x08005abc        0x8 c:/program files (x86)/atollic/truestudio for stm32 9.1.0/armtools/bin/../lib/gcc/arm-atollic-eabi/6.3.1/armv7-m/crtn.o
 *(.fini)
 .fini          0x08005ac4        0x4 c:/program files (x86)/atollic/truestudio for stm32 9.1.0/armtools/bin/../lib/gcc/arm-atollic-eabi/6.3.1/armv7-m/crti.o
                0x08005ac4                _fini
 .fini          0x08005ac8        0x8 c:/program files (x86)/atollic/truestudio for stm32 9.1.0/armtools/bin/../lib/gcc/arm-atollic-eabi/6.3.1/armv7-m/crtn.o
                0x08005ad0                . = ALIGN (0x4)
                0x08005ad0                _etext = .

.vfp11_veneer   0x08005ad0        0x0
 .vfp11_veneer  0x08005ad0        0x0 linker stubs

.v4_bx          0x08005ad0        0x0
 .v4_bx         0x08005ad0        0x0 linker stubs

.iplt           0x08005ad0        0x0
 .iplt          0x08005ad0        0x0 c:/program files (x86)/atollic/truestudio for stm32 9.1.0/armtools/bin/../lib/gcc/arm-atollic-eabi/6.3.1/armv7-m/crtbegin.o

.rodata         0x08005ad0     0x1028
                0x08005ad0                . = ALIGN (0x4)
 *(.rodata)
 .rodata        0x08005ad0       0x10 Drivers\STM32F1xx_HAL_Driver\Src\stm32f1xx_hal_rcc.o
 *(.rodata*)
 .rodata.I2C_ReadRawData.str1.1
                0x08005ae0       0x14 Src\RTC.o
 .rodata.I2C_WriteBuffer.str1.1
                0x08005af4       0x15 Src\RTC.o
 .rodata.readDay.str1.1
                0x08005b09       0x15 Src\RTC.o
                                  0x3 (size before relaxing)
 .rodata.readSeconds.str1.1
                0x08005b09        0x5 Src\RTC.o
 .rodata.Font11x18
                0x08005b0e      0xd5c Src\fonts.o
 .rodata.main.str1.1
                0x0800686a        0x8 Src\main.o
 .rodata.AHBPrescTable
                0x08006872       0x10 Src\system_stm32f1xx.o
                0x08006872                AHBPrescTable
 .rodata.APBPrescTable
                0x08006882        0x8 Src\system_stm32f1xx.o
                0x08006882                APBPrescTable
 .rodata._svfprintf_r.str1.1
                0x0800688a       0x34 c:/program files (x86)/atollic/truestudio for stm32 9.1.0/armtools/bin/../lib/gcc/arm-atollic-eabi/6.3.1/../../../../arm-atollic-eabi/lib/armv7-m\libc.a(lib_a-svfprintf.o)
 .rodata.blanks.7236
                0x080068be       0x10 c:/program files (x86)/atollic/truestudio for stm32 9.1.0/armtools/bin/../lib/gcc/arm-atollic-eabi/6.3.1/../../../../arm-atollic-eabi/lib/armv7-m\libc.a(lib_a-svfprintf.o)
 .rodata.zeroes.7237
                0x080068ce       0x10 c:/program files (x86)/atollic/truestudio for stm32 9.1.0/armtools/bin/../lib/gcc/arm-atollic-eabi/6.3.1/../../../../arm-atollic-eabi/lib/armv7-m\libc.a(lib_a-svfprintf.o)
 .rodata._dtoa_r.str1.1
                0x080068de        0xd c:/program files (x86)/atollic/truestudio for stm32 9.1.0/armtools/bin/../lib/gcc/arm-atollic-eabi/6.3.1/../../../../arm-atollic-eabi/lib/armv7-m\libc.a(lib_a-dtoa.o)
                                  0xf (size before relaxing)
 *fill*         0x080068eb        0x5 
 .rodata.__mprec_bigtens
                0x080068f0       0x28 c:/program files (x86)/atollic/truestudio for stm32 9.1.0/armtools/bin/../lib/gcc/arm-atollic-eabi/6.3.1/../../../../arm-atollic-eabi/lib/armv7-m\libc.a(lib_a-mprec.o)
                0x080068f0                __mprec_bigtens
 .rodata.__mprec_tens
                0x08006918       0xc8 c:/program files (x86)/atollic/truestudio for stm32 9.1.0/armtools/bin/../lib/gcc/arm-atollic-eabi/6.3.1/../../../../arm-atollic-eabi/lib/armv7-m\libc.a(lib_a-mprec.o)
                0x08006918                __mprec_tens
 .rodata.p05.6073
                0x080069e0        0xc c:/program files (x86)/atollic/truestudio for stm32 9.1.0/armtools/bin/../lib/gcc/arm-atollic-eabi/6.3.1/../../../../arm-atollic-eabi/lib/armv7-m\libc.a(lib_a-mprec.o)
 .rodata._setlocale_r.str1.1
                0x080069ec        0x8 c:/program files (x86)/atollic/truestudio for stm32 9.1.0/armtools/bin/../lib/gcc/arm-atollic-eabi/6.3.1/../../../../arm-atollic-eabi/lib/armv7-m\libc.a(lib_a-locale.o)
                                  0x9 (size before relaxing)
 .rodata.str1.1
                0x080069f4        0x2 c:/program files (x86)/atollic/truestudio for stm32 9.1.0/armtools/bin/../lib/gcc/arm-atollic-eabi/6.3.1/../../../../arm-atollic-eabi/lib/armv7-m\libc.a(lib_a-locale.o)
 .rodata._ctype_
                0x080069f6      0x101 c:/program files (x86)/atollic/truestudio for stm32 9.1.0/armtools/bin/../lib/gcc/arm-atollic-eabi/6.3.1/../../../../arm-atollic-eabi/lib/armv7-m\libc.a(lib_a-ctype_.o)
                0x080069f6                _ctype_
                0x08006af8                . = ALIGN (0x4)
 *fill*         0x08006af7        0x1 

.ARM.extab
 *(.ARM.extab* .gnu.linkonce.armextab.*)

.ARM            0x08006af8        0x8
                0x08006af8                __exidx_start = .
 *(.ARM.exidx*)
 .ARM.exidx     0x08006af8        0x8 c:/program files (x86)/atollic/truestudio for stm32 9.1.0/armtools/bin/../lib/gcc/arm-atollic-eabi/6.3.1/armv7-m\libgcc.a(_udivmoddi4.o)
                0x08006b00                __exidx_end = .

.rel.dyn        0x08006b00        0x0
 .rel.iplt      0x08006b00        0x0 c:/program files (x86)/atollic/truestudio for stm32 9.1.0/armtools/bin/../lib/gcc/arm-atollic-eabi/6.3.1/armv7-m/crtbegin.o

.preinit_array  0x08006b00        0x0
                0x08006b00                PROVIDE (__preinit_array_start, .)
 *(.preinit_array*)
                0x08006b00                PROVIDE (__preinit_array_end, .)

.init_array     0x08006b00        0x4
                0x08006b00                PROVIDE (__init_array_start, .)
 *(SORT(.init_array.*))
 *(.init_array*)
 .init_array    0x08006b00        0x4 c:/program files (x86)/atollic/truestudio for stm32 9.1.0/armtools/bin/../lib/gcc/arm-atollic-eabi/6.3.1/armv7-m/crtbegin.o
                0x08006b04                PROVIDE (__init_array_end, .)

.fini_array     0x08006b04        0x4
                [!provide]                PROVIDE (__fini_array_start, .)
 *(SORT(.fini_array.*))
 *(.fini_array*)
 .fini_array    0x08006b04        0x4 c:/program files (x86)/atollic/truestudio for stm32 9.1.0/armtools/bin/../lib/gcc/arm-atollic-eabi/6.3.1/armv7-m/crtbegin.o
                [!provide]                PROVIDE (__fini_array_end, .)
                0x08006b08                _sidata = LOADADDR (.data)

.data           0x20000000      0x684 load address 0x08006b08
                0x20000000                . = ALIGN (0x4)
                0x20000000                _sdata = .
 *(.data)
 *(.data*)
 .data.uwTickFreq
                0x20000000        0x1 Drivers\STM32F1xx_HAL_Driver\Src\stm32f1xx_hal.o
                0x20000000                uwTickFreq
 *fill*         0x20000001        0x3 
 .data.uwTickPrio
                0x20000004        0x4 Drivers\STM32F1xx_HAL_Driver\Src\stm32f1xx_hal.o
                0x20000004                uwTickPrio
 .data.Font_11x18
                0x20000008        0x8 Src\fonts.o
                0x20000008                Font_11x18
 .data.SystemCoreClock
                0x20000010        0x4 Src\system_stm32f1xx.o
                0x20000010                SystemCoreClock
 .data._impure_ptr
                0x20000014        0x4 c:/program files (x86)/atollic/truestudio for stm32 9.1.0/armtools/bin/../lib/gcc/arm-atollic-eabi/6.3.1/../../../../arm-atollic-eabi/lib/armv7-m\libc.a(lib_a-impure.o)
                0x20000014                _impure_ptr
 .data.impure_data
                0x20000018       0xf0 c:/program files (x86)/atollic/truestudio for stm32 9.1.0/armtools/bin/../lib/gcc/arm-atollic-eabi/6.3.1/../../../../arm-atollic-eabi/lib/armv7-m\libc.a(lib_a-impure.o)
 .data.__malloc_av_
                0x20000108      0x408 c:/program files (x86)/atollic/truestudio for stm32 9.1.0/armtools/bin/../lib/gcc/arm-atollic-eabi/6.3.1/../../../../arm-atollic-eabi/lib/armv7-m\libc.a(lib_a-mallocr.o)
                0x20000108                __malloc_av_
 .data.__malloc_sbrk_base
                0x20000510        0x4 c:/program files (x86)/atollic/truestudio for stm32 9.1.0/armtools/bin/../lib/gcc/arm-atollic-eabi/6.3.1/../../../../arm-atollic-eabi/lib/armv7-m\libc.a(lib_a-mallocr.o)
                0x20000510                __malloc_sbrk_base
 .data.__malloc_trim_threshold
                0x20000514        0x4 c:/program files (x86)/atollic/truestudio for stm32 9.1.0/armtools/bin/../lib/gcc/arm-atollic-eabi/6.3.1/../../../../arm-atollic-eabi/lib/armv7-m\libc.a(lib_a-mallocr.o)
                0x20000514                __malloc_trim_threshold
 .data.__global_locale
                0x20000518      0x16c c:/program files (x86)/atollic/truestudio for stm32 9.1.0/armtools/bin/../lib/gcc/arm-atollic-eabi/6.3.1/../../../../arm-atollic-eabi/lib/armv7-m\libc.a(lib_a-locale.o)
                0x20000518                __global_locale
                0x20000684                . = ALIGN (0x4)
                0x20000684                _edata = .

.igot.plt       0x20000684        0x0 load address 0x0800718c
 .igot.plt      0x20000684        0x0 c:/program files (x86)/atollic/truestudio for stm32 9.1.0/armtools/bin/../lib/gcc/arm-atollic-eabi/6.3.1/armv7-m/crtbegin.o
                0x20000684                . = ALIGN (0x4)

.bss            0x20000684      0x6d4 load address 0x0800718c
                0x20000684                _sbss = .
                0x20000684                __bss_start__ = _sbss
 *(.bss)
 .bss           0x20000684       0x1c c:/program files (x86)/atollic/truestudio for stm32 9.1.0/armtools/bin/../lib/gcc/arm-atollic-eabi/6.3.1/armv7-m/crtbegin.o
 *(.bss*)
 .bss.date.6774
                0x200006a0        0x2 Src\RTC.o
 .bss.day.6770  0x200006a2        0x1 Src\RTC.o
 .bss.hour.6766
                0x200006a3        0x2 Src\RTC.o
 .bss.min.6762  0x200006a5        0x2 Src\RTC.o
 .bss.month.6778
                0x200006a7        0x2 Src\RTC.o
 .bss.sec.6758  0x200006a9        0x2 Src\RTC.o
 .bss.year.6782
                0x200006ab        0x2 Src\RTC.o
 *fill*         0x200006ad        0x1 
 .bss.SSD1306   0x200006ae        0x6 Src\ssd1306.o
 .bss.SSD1306_Buffer
                0x200006b4      0x400 Src\ssd1306.o
 .bss.__malloc_current_mallinfo
                0x20000ab4       0x28 c:/program files (x86)/atollic/truestudio for stm32 9.1.0/armtools/bin/../lib/gcc/arm-atollic-eabi/6.3.1/../../../../arm-atollic-eabi/lib/armv7-m\libc.a(lib_a-mallocr.o)
                0x20000ab4                __malloc_current_mallinfo
 .bss.__malloc_max_sbrked_mem
                0x20000adc        0x4 c:/program files (x86)/atollic/truestudio for stm32 9.1.0/armtools/bin/../lib/gcc/arm-atollic-eabi/6.3.1/../../../../arm-atollic-eabi/lib/armv7-m\libc.a(lib_a-mallocr.o)
                0x20000adc                __malloc_max_sbrked_mem
 .bss.__malloc_max_total_mem
                0x20000ae0        0x4 c:/program files (x86)/atollic/truestudio for stm32 9.1.0/armtools/bin/../lib/gcc/arm-atollic-eabi/6.3.1/../../../../arm-atollic-eabi/lib/armv7-m\libc.a(lib_a-mallocr.o)
                0x20000ae0                __malloc_max_total_mem
 .bss.__malloc_top_pad
                0x20000ae4        0x4 c:/program files (x86)/atollic/truestudio for stm32 9.1.0/armtools/bin/../lib/gcc/arm-atollic-eabi/6.3.1/../../../../arm-atollic-eabi/lib/armv7-m\libc.a(lib_a-mallocr.o)
                0x20000ae4                __malloc_top_pad
 .bss.heap_end.4116
                0x20000ae8        0x4 c:/program files (x86)/atollic/truestudio for stm32 9.1.0/armtools/bin/../lib/gcc/arm-atollic-eabi/6.3.1/../../../../arm-atollic-eabi/lib/armv7-m\libnosys.a(sbrk.o)
 *(COMMON)
 COMMON         0x20000aec        0x4 Drivers\STM32F1xx_HAL_Driver\Src\stm32f1xx_hal.o
                0x20000aec                uwTick
 COMMON         0x20000af0      0x16d Src\RTC.o
                0x20000af0                data
                0x20000bf0                size
                0x20000bf2                str
                0x20000c56                readBuf
 *fill*         0x20000c5d        0x3 
 COMMON         0x20000c60       0xa8 Src\i2c.o
                0x20000c60                hi2c1
                0x20000cb4                hi2c2
 COMMON         0x20000d08       0x40 Src\usart.o
                0x20000d08                huart1
 COMMON         0x20000d48        0x9 c:/program files (x86)/atollic/truestudio for stm32 9.1.0/armtools/bin/../lib/gcc/arm-atollic-eabi/6.3.1/../../../../arm-atollic-eabi/lib/armv7-m\libc.a(lib_a-lock.o)
                0x20000d48                __lock___atexit_recursive_mutex
                0x20000d49                __lock___arc4random_mutex
                0x20000d4a                __lock___env_recursive_mutex
                0x20000d4b                __lock___sinit_recursive_mutex
                0x20000d4c                __lock___malloc_recursive_mutex
                0x20000d4d                __lock___at_quick_exit_mutex
                0x20000d4e                __lock___dd_hash_mutex
                0x20000d4f                __lock___tz_mutex
                0x20000d50                __lock___sfp_recursive_mutex
 *fill*         0x20000d51        0x3 
 COMMON         0x20000d54        0x4 c:/program files (x86)/atollic/truestudio for stm32 9.1.0/armtools/bin/../lib/gcc/arm-atollic-eabi/6.3.1/../../../../arm-atollic-eabi/lib/armv7-m\libc.a(lib_a-reent.o)
                0x20000d54                errno
                0x20000d58                . = ALIGN (0x4)
                0x20000d58                _ebss = .
                0x20000d58                __bss_end__ = _ebss

._user_heap_stack
                0x20000d58      0x600 load address 0x0800718c
                0x20000d58                . = ALIGN (0x4)
                0x20000d58                PROVIDE (end, .)
                [!provide]                PROVIDE (_end, .)
                0x20000f58                . = (. + _Min_Heap_Size)
 *fill*         0x20000d58      0x200 
                0x20001358                . = (. + _Min_Stack_Size)
 *fill*         0x20000f58      0x400 
                0x20001358                . = ALIGN (0x4)

/DISCARD/
 libc.a(*)
 libm.a(*)
 libgcc.a(*)

.ARM.attributes
                0x00000000       0x29
 *(.ARM.attributes)
 .ARM.attributes
                0x00000000       0x1d c:/program files (x86)/atollic/truestudio for stm32 9.1.0/armtools/bin/../lib/gcc/arm-atollic-eabi/6.3.1/armv7-m/crti.o
 .ARM.attributes
                0x0000001d       0x2d c:/program files (x86)/atollic/truestudio for stm32 9.1.0/armtools/bin/../lib/gcc/arm-atollic-eabi/6.3.1/armv7-m/crtbegin.o
 .ARM.attributes
                0x0000004a       0x33 Drivers\STM32F1xx_HAL_Driver\Src\stm32f1xx_hal.o
 .ARM.attributes
                0x0000007d       0x33 Drivers\STM32F1xx_HAL_Driver\Src\stm32f1xx_hal_cortex.o
 .ARM.attributes
                0x000000b0       0x33 Drivers\STM32F1xx_HAL_Driver\Src\stm32f1xx_hal_gpio.o
 .ARM.attributes
                0x000000e3       0x33 Drivers\STM32F1xx_HAL_Driver\Src\stm32f1xx_hal_i2c.o
 .ARM.attributes
                0x00000116       0x33 Drivers\STM32F1xx_HAL_Driver\Src\stm32f1xx_hal_rcc.o
 .ARM.attributes
                0x00000149       0x33 Drivers\STM32F1xx_HAL_Driver\Src\stm32f1xx_hal_uart.o
 .ARM.attributes
                0x0000017c       0x33 Src\RTC.o
 .ARM.attributes
                0x000001af       0x33 Src\fonts.o
 .ARM.attributes
                0x000001e2       0x33 Src\gpio.o
 .ARM.attributes
                0x00000215       0x33 Src\i2c.o
 .ARM.attributes
                0x00000248       0x33 Src\main.o
 .ARM.attributes
                0x0000027b       0x33 Src\ssd1306.o
 .ARM.attributes
                0x000002ae       0x33 Src\stm32f1xx_hal_msp.o
 .ARM.attributes
                0x000002e1       0x33 Src\stm32f1xx_it.o
 .ARM.attributes
                0x00000314       0x33 Src\system_stm32f1xx.o
 .ARM.attributes
                0x00000347       0x33 Src\usart.o
 .ARM.attributes
                0x0000037a       0x21 startup\startup_stm32f103xb.o
 .ARM.attributes
                0x0000039b       0x2d c:/program files (x86)/atollic/truestudio for stm32 9.1.0/armtools/bin/../lib/gcc/arm-atollic-eabi/6.3.1/../../../../arm-atollic-eabi/lib/armv7-m\libc.a(lib_a-init.o)
 .ARM.attributes
                0x000003c8       0x2d c:/program files (x86)/atollic/truestudio for stm32 9.1.0/armtools/bin/../lib/gcc/arm-atollic-eabi/6.3.1/../../../../arm-atollic-eabi/lib/armv7-m\libc.a(lib_a-memcpy-stub.o)
 .ARM.attributes
                0x000003f5       0x2d c:/program files (x86)/atollic/truestudio for stm32 9.1.0/armtools/bin/../lib/gcc/arm-atollic-eabi/6.3.1/../../../../arm-atollic-eabi/lib/armv7-m\libc.a(lib_a-memset.o)
 .ARM.attributes
                0x00000422       0x2d c:/program files (x86)/atollic/truestudio for stm32 9.1.0/armtools/bin/../lib/gcc/arm-atollic-eabi/6.3.1/../../../../arm-atollic-eabi/lib/armv7-m\libc.a(lib_a-sprintf.o)
 .ARM.attributes
                0x0000044f       0x2d c:/program files (x86)/atollic/truestudio for stm32 9.1.0/armtools/bin/../lib/gcc/arm-atollic-eabi/6.3.1/../../../../arm-atollic-eabi/lib/armv7-m\libc.a(lib_a-strcpy.o)
 .ARM.attributes
                0x0000047c       0x2d c:/program files (x86)/atollic/truestudio for stm32 9.1.0/armtools/bin/../lib/gcc/arm-atollic-eabi/6.3.1/../../../../arm-atollic-eabi/lib/armv7-m\libc.a(lib_a-svfprintf.o)
 .ARM.attributes
                0x000004a9       0x2d c:/program files (x86)/atollic/truestudio for stm32 9.1.0/armtools/bin/../lib/gcc/arm-atollic-eabi/6.3.1/../../../../arm-atollic-eabi/lib/armv7-m\libc.a(lib_a-dtoa.o)
 .ARM.attributes
                0x000004d6       0x2d c:/program files (x86)/atollic/truestudio for stm32 9.1.0/armtools/bin/../lib/gcc/arm-atollic-eabi/6.3.1/../../../../arm-atollic-eabi/lib/armv7-m\libc.a(lib_a-impure.o)
 .ARM.attributes
                0x00000503       0x2d c:/program files (x86)/atollic/truestudio for stm32 9.1.0/armtools/bin/../lib/gcc/arm-atollic-eabi/6.3.1/../../../../arm-atollic-eabi/lib/armv7-m\libc.a(lib_a-localeconv.o)
 .ARM.attributes
                0x00000530       0x2d c:/program files (x86)/atollic/truestudio for stm32 9.1.0/armtools/bin/../lib/gcc/arm-atollic-eabi/6.3.1/../../../../arm-atollic-eabi/lib/armv7-m\libc.a(lib_a-malloc.o)
 .ARM.attributes
                0x0000055d       0x2d c:/program files (x86)/atollic/truestudio for stm32 9.1.0/armtools/bin/../lib/gcc/arm-atollic-eabi/6.3.1/../../../../arm-atollic-eabi/lib/armv7-m\libc.a(lib_a-mallocr.o)
 .ARM.attributes
                0x0000058a       0x2d c:/program files (x86)/atollic/truestudio for stm32 9.1.0/armtools/bin/../lib/gcc/arm-atollic-eabi/6.3.1/../../../../arm-atollic-eabi/lib/armv7-m\libc.a(lib_a-memchr-stub.o)
 .ARM.attributes
                0x000005b7       0x2d c:/program files (x86)/atollic/truestudio for stm32 9.1.0/armtools/bin/../lib/gcc/arm-atollic-eabi/6.3.1/../../../../arm-atollic-eabi/lib/armv7-m\libc.a(lib_a-mlock.o)
 .ARM.attributes
                0x000005e4       0x2d c:/program files (x86)/atollic/truestudio for stm32 9.1.0/armtools/bin/../lib/gcc/arm-atollic-eabi/6.3.1/../../../../arm-atollic-eabi/lib/armv7-m\libc.a(lib_a-mprec.o)
 .ARM.attributes
                0x00000611       0x2d c:/program files (x86)/atollic/truestudio for stm32 9.1.0/armtools/bin/../lib/gcc/arm-atollic-eabi/6.3.1/../../../../arm-atollic-eabi/lib/armv7-m\libc.a(lib_a-sbrkr.o)
 .ARM.attributes
                0x0000063e       0x17 c:/program files (x86)/atollic/truestudio for stm32 9.1.0/armtools/bin/../lib/gcc/arm-atollic-eabi/6.3.1/../../../../arm-atollic-eabi/lib/armv7-m\libc.a(lib_a-strlen.o)
 .ARM.attributes
                0x00000655       0x2d c:/program files (x86)/atollic/truestudio for stm32 9.1.0/armtools/bin/../lib/gcc/arm-atollic-eabi/6.3.1/../../../../arm-atollic-eabi/lib/armv7-m\libc.a(lib_a-svfiprintf.o)
 .ARM.attributes
                0x00000682       0x2d c:/program files (x86)/atollic/truestudio for stm32 9.1.0/armtools/bin/../lib/gcc/arm-atollic-eabi/6.3.1/../../../../arm-atollic-eabi/lib/armv7-m\libc.a(lib_a-callocr.o)
 .ARM.attributes
                0x000006af       0x2d c:/program files (x86)/atollic/truestudio for stm32 9.1.0/armtools/bin/../lib/gcc/arm-atollic-eabi/6.3.1/../../../../arm-atollic-eabi/lib/armv7-m\libc.a(lib_a-freer.o)
 .ARM.attributes
                0x000006dc       0x2d c:/program files (x86)/atollic/truestudio for stm32 9.1.0/armtools/bin/../lib/gcc/arm-atollic-eabi/6.3.1/../../../../arm-atollic-eabi/lib/armv7-m\libc.a(lib_a-locale.o)
 .ARM.attributes
                0x00000709       0x2d c:/program files (x86)/atollic/truestudio for stm32 9.1.0/armtools/bin/../lib/gcc/arm-atollic-eabi/6.3.1/../../../../arm-atollic-eabi/lib/armv7-m\libc.a(lib_a-lock.o)
 .ARM.attributes
                0x00000736       0x2d c:/program files (x86)/atollic/truestudio for stm32 9.1.0/armtools/bin/../lib/gcc/arm-atollic-eabi/6.3.1/../../../../arm-atollic-eabi/lib/armv7-m\libc.a(lib_a-mbtowc_r.o)
 .ARM.attributes
                0x00000763       0x2d c:/program files (x86)/atollic/truestudio for stm32 9.1.0/armtools/bin/../lib/gcc/arm-atollic-eabi/6.3.1/../../../../arm-atollic-eabi/lib/armv7-m\libc.a(lib_a-memmove.o)
 .ARM.attributes
                0x00000790       0x2d c:/program files (x86)/atollic/truestudio for stm32 9.1.0/armtools/bin/../lib/gcc/arm-atollic-eabi/6.3.1/../../../../arm-atollic-eabi/lib/armv7-m\libc.a(lib_a-reallocr.o)
 .ARM.attributes
                0x000007bd       0x2d c:/program files (x86)/atollic/truestudio for stm32 9.1.0/armtools/bin/../lib/gcc/arm-atollic-eabi/6.3.1/../../../../arm-atollic-eabi/lib/armv7-m\libc.a(lib_a-reent.o)
 .ARM.attributes
                0x000007ea       0x2d c:/program files (x86)/atollic/truestudio for stm32 9.1.0/armtools/bin/../lib/gcc/arm-atollic-eabi/6.3.1/../../../../arm-atollic-eabi/lib/armv7-m\libc.a(lib_a-wctomb_r.o)
 .ARM.attributes
                0x00000817       0x2d c:/program files (x86)/atollic/truestudio for stm32 9.1.0/armtools/bin/../lib/gcc/arm-atollic-eabi/6.3.1/../../../../arm-atollic-eabi/lib/armv7-m\libc.a(lib_a-ctype_.o)
 .ARM.attributes
                0x00000844       0x1d c:/program files (x86)/atollic/truestudio for stm32 9.1.0/armtools/bin/../lib/gcc/arm-atollic-eabi/6.3.1/armv7-m\libgcc.a(_arm_addsubdf3.o)
 .ARM.attributes
                0x00000861       0x1d c:/program files (x86)/atollic/truestudio for stm32 9.1.0/armtools/bin/../lib/gcc/arm-atollic-eabi/6.3.1/armv7-m\libgcc.a(_arm_muldivdf3.o)
 .ARM.attributes
                0x0000087e       0x1d c:/program files (x86)/atollic/truestudio for stm32 9.1.0/armtools/bin/../lib/gcc/arm-atollic-eabi/6.3.1/armv7-m\libgcc.a(_arm_cmpdf2.o)
 .ARM.attributes
                0x0000089b       0x1d c:/program files (x86)/atollic/truestudio for stm32 9.1.0/armtools/bin/../lib/gcc/arm-atollic-eabi/6.3.1/armv7-m\libgcc.a(_arm_unorddf2.o)
 .ARM.attributes
                0x000008b8       0x1d c:/program files (x86)/atollic/truestudio for stm32 9.1.0/armtools/bin/../lib/gcc/arm-atollic-eabi/6.3.1/armv7-m\libgcc.a(_arm_fixdfsi.o)
 .ARM.attributes
                0x000008d5       0x1d c:/program files (x86)/atollic/truestudio for stm32 9.1.0/armtools/bin/../lib/gcc/arm-atollic-eabi/6.3.1/armv7-m\libgcc.a(_aeabi_uldivmod.o)
 .ARM.attributes
                0x000008f2       0x2d c:/program files (x86)/atollic/truestudio for stm32 9.1.0/armtools/bin/../lib/gcc/arm-atollic-eabi/6.3.1/armv7-m\libgcc.a(_udivmoddi4.o)
 .ARM.attributes
                0x0000091f       0x1d c:/program files (x86)/atollic/truestudio for stm32 9.1.0/armtools/bin/../lib/gcc/arm-atollic-eabi/6.3.1/armv7-m\libgcc.a(_dvmd_tls.o)
 .ARM.attributes
                0x0000093c       0x2d c:/program files (x86)/atollic/truestudio for stm32 9.1.0/armtools/bin/../lib/gcc/arm-atollic-eabi/6.3.1/../../../../arm-atollic-eabi/lib/armv7-m\libnosys.a(sbrk.o)
 .ARM.attributes
                0x00000969       0x1d c:/program files (x86)/atollic/truestudio for stm32 9.1.0/armtools/bin/../lib/gcc/arm-atollic-eabi/6.3.1/armv7-m/crtn.o
OUTPUT(stm32f1_Oled_Clock.elf elf32-littlearm)

.debug_info     0x00000000    0x13937
 .debug_info    0x00000000      0xfe1 Drivers\STM32F1xx_HAL_Driver\Src\stm32f1xx_hal.o
 .debug_info    0x00000fe1     0x14c2 Drivers\STM32F1xx_HAL_Driver\Src\stm32f1xx_hal_cortex.o
 .debug_info    0x000024a3      0xedb Drivers\STM32F1xx_HAL_Driver\Src\stm32f1xx_hal_gpio.o
 .debug_info    0x0000337e     0x3903 Drivers\STM32F1xx_HAL_Driver\Src\stm32f1xx_hal_i2c.o
 .debug_info    0x00006c81     0x1256 Drivers\STM32F1xx_HAL_Driver\Src\stm32f1xx_hal_rcc.o
 .debug_info    0x00007ed7     0x1e5f Drivers\STM32F1xx_HAL_Driver\Src\stm32f1xx_hal_uart.o
 .debug_info    0x00009d36     0x1667 Src\RTC.o
 .debug_info    0x0000b39d      0xa9f Src\fonts.o
 .debug_info    0x0000be3c      0xa88 Src\gpio.o
 .debug_info    0x0000c8c4     0x11a3 Src\i2c.o
 .debug_info    0x0000da67     0x172e Src\main.o
 .debug_info    0x0000f195     0x1509 Src\ssd1306.o
 .debug_info    0x0001069e      0xaeb Src\stm32f1xx_hal_msp.o
 .debug_info    0x00011189      0xa29 Src\stm32f1xx_it.o
 .debug_info    0x00011bb2      0xc66 Src\system_stm32f1xx.o
 .debug_info    0x00012818     0x1096 Src\usart.o
 .debug_info    0x000138ae       0x89 startup\startup_stm32f103xb.o

.debug_abbrev   0x00000000     0x2938
 .debug_abbrev  0x00000000      0x315 Drivers\STM32F1xx_HAL_Driver\Src\stm32f1xx_hal.o
 .debug_abbrev  0x00000315      0x399 Drivers\STM32F1xx_HAL_Driver\Src\stm32f1xx_hal_cortex.o
 .debug_abbrev  0x000006ae      0x268 Drivers\STM32F1xx_HAL_Driver\Src\stm32f1xx_hal_gpio.o
 .debug_abbrev  0x00000916      0x3c1 Drivers\STM32F1xx_HAL_Driver\Src\stm32f1xx_hal_i2c.o
 .debug_abbrev  0x00000cd7      0x367 Drivers\STM32F1xx_HAL_Driver\Src\stm32f1xx_hal_rcc.o
 .debug_abbrev  0x0000103e      0x364 Drivers\STM32F1xx_HAL_Driver\Src\stm32f1xx_hal_uart.o
 .debug_abbrev  0x000013a2      0x2c4 Src\RTC.o
 .debug_abbrev  0x00001666      0x199 Src\fonts.o
 .debug_abbrev  0x000017ff      0x1c9 Src\gpio.o
 .debug_abbrev  0x000019c8      0x24d Src\i2c.o
 .debug_abbrev  0x00001c15      0x258 Src\main.o
 .debug_abbrev  0x00001e6d      0x2cc Src\ssd1306.o
 .debug_abbrev  0x00002139      0x1bc Src\stm32f1xx_hal_msp.o
 .debug_abbrev  0x000022f5      0x1f9 Src\stm32f1xx_it.o
 .debug_abbrev  0x000024ee      0x1eb Src\system_stm32f1xx.o
 .debug_abbrev  0x000026d9      0x24d Src\usart.o
 .debug_abbrev  0x00002926       0x12 startup\startup_stm32f103xb.o

.debug_loc      0x00000000     0x517f
 .debug_loc     0x00000000      0x11b Drivers\STM32F1xx_HAL_Driver\Src\stm32f1xx_hal.o
 .debug_loc     0x0000011b      0x46b Drivers\STM32F1xx_HAL_Driver\Src\stm32f1xx_hal_cortex.o
 .debug_loc     0x00000586      0x36a Drivers\STM32F1xx_HAL_Driver\Src\stm32f1xx_hal_gpio.o
 .debug_loc     0x000008f0     0x2bdf Drivers\STM32F1xx_HAL_Driver\Src\stm32f1xx_hal_i2c.o
 .debug_loc     0x000034cf      0x4c3 Drivers\STM32F1xx_HAL_Driver\Src\stm32f1xx_hal_rcc.o
 .debug_loc     0x00003992     0x1311 Drivers\STM32F1xx_HAL_Driver\Src\stm32f1xx_hal_uart.o
 .debug_loc     0x00004ca3      0x14e Src\RTC.o
 .debug_loc     0x00004df1       0x71 Src\i2c.o
 .debug_loc     0x00004e62      0x1f8 Src\ssd1306.o
 .debug_loc     0x0000505a       0xcd Src\system_stm32f1xx.o
 .debug_loc     0x00005127       0x58 Src\usart.o

.debug_aranges  0x00000000      0x790
 .debug_aranges
                0x00000000       0xc8 Drivers\STM32F1xx_HAL_Driver\Src\stm32f1xx_hal.o
 .debug_aranges
                0x000000c8       0x90 Drivers\STM32F1xx_HAL_Driver\Src\stm32f1xx_hal_cortex.o
 .debug_aranges
                0x00000158       0x58 Drivers\STM32F1xx_HAL_Driver\Src\stm32f1xx_hal_gpio.o
 .debug_aranges
                0x000001b0      0x190 Drivers\STM32F1xx_HAL_Driver\Src\stm32f1xx_hal_i2c.o
 .debug_aranges
                0x00000340       0x88 Drivers\STM32F1xx_HAL_Driver\Src\stm32f1xx_hal_rcc.o
 .debug_aranges
                0x000003c8      0x170 Drivers\STM32F1xx_HAL_Driver\Src\stm32f1xx_hal_uart.o
 .debug_aranges
                0x00000538       0x78 Src\RTC.o
 .debug_aranges
                0x000005b0       0x18 Src\fonts.o
 .debug_aranges
                0x000005c8       0x20 Src\gpio.o
 .debug_aranges
                0x000005e8       0x38 Src\i2c.o
 .debug_aranges
                0x00000620       0x30 Src\main.o
 .debug_aranges
                0x00000650       0x58 Src\ssd1306.o
 .debug_aranges
                0x000006a8       0x20 Src\stm32f1xx_hal_msp.o
 .debug_aranges
                0x000006c8       0x48 Src\stm32f1xx_it.o
 .debug_aranges
                0x00000710       0x28 Src\system_stm32f1xx.o
 .debug_aranges
                0x00000738       0x30 Src\usart.o
 .debug_aranges
                0x00000768       0x28 startup\startup_stm32f103xb.o

.debug_ranges   0x00000000      0xb28
 .debug_ranges  0x00000000       0xb8 Drivers\STM32F1xx_HAL_Driver\Src\stm32f1xx_hal.o
 .debug_ranges  0x000000b8      0x128 Drivers\STM32F1xx_HAL_Driver\Src\stm32f1xx_hal_cortex.o
 .debug_ranges  0x000001e0       0x60 Drivers\STM32F1xx_HAL_Driver\Src\stm32f1xx_hal_gpio.o
 .debug_ranges  0x00000240      0x438 Drivers\STM32F1xx_HAL_Driver\Src\stm32f1xx_hal_i2c.o
 .debug_ranges  0x00000678       0xa0 Drivers\STM32F1xx_HAL_Driver\Src\stm32f1xx_hal_rcc.o
 .debug_ranges  0x00000718      0x190 Drivers\STM32F1xx_HAL_Driver\Src\stm32f1xx_hal_uart.o
 .debug_ranges  0x000008a8       0x68 Src\RTC.o
 .debug_ranges  0x00000910       0x28 Src\gpio.o
 .debug_ranges  0x00000938       0x68 Src\i2c.o
 .debug_ranges  0x000009a0       0x20 Src\main.o
 .debug_ranges  0x000009c0       0x60 Src\ssd1306.o
 .debug_ranges  0x00000a20       0x58 Src\stm32f1xx_hal_msp.o
 .debug_ranges  0x00000a78       0x38 Src\stm32f1xx_it.o
 .debug_ranges  0x00000ab0       0x18 Src\system_stm32f1xx.o
 .debug_ranges  0x00000ac8       0x40 Src\usart.o
 .debug_ranges  0x00000b08       0x20 startup\startup_stm32f103xb.o

.debug_line     0x00000000     0x59f9
 .debug_line    0x00000000      0x45f Drivers\STM32F1xx_HAL_Driver\Src\stm32f1xx_hal.o
 .debug_line    0x0000045f      0x469 Drivers\STM32F1xx_HAL_Driver\Src\stm32f1xx_hal_cortex.o
 .debug_line    0x000008c8      0x45e Drivers\STM32F1xx_HAL_Driver\Src\stm32f1xx_hal_gpio.o
 .debug_line    0x00000d26     0x1a8b Drivers\STM32F1xx_HAL_Driver\Src\stm32f1xx_hal_i2c.o
 .debug_line    0x000027b1      0x639 Drivers\STM32F1xx_HAL_Driver\Src\stm32f1xx_hal_rcc.o
 .debug_line    0x00002dea      0xc45 Drivers\STM32F1xx_HAL_Driver\Src\stm32f1xx_hal_uart.o
 .debug_line    0x00003a2f      0x452 Src\RTC.o
 .debug_line    0x00003e81      0x25e Src\fonts.o
 .debug_line    0x000040df      0x271 Src\gpio.o
 .debug_line    0x00004350      0x368 Src\i2c.o
 .debug_line    0x000046b8      0x3b9 Src\main.o
 .debug_line    0x00004a71      0x3da Src\ssd1306.o
 .debug_line    0x00004e4b      0x283 Src\stm32f1xx_hal_msp.o
 .debug_line    0x000050ce      0x2b4 Src\stm32f1xx_it.o
 .debug_line    0x00005382      0x2bf Src\system_stm32f1xx.o
 .debug_line    0x00005641      0x33b Src\usart.o
 .debug_line    0x0000597c       0x7d startup\startup_stm32f103xb.o

.debug_str      0x00000000     0x2af9
 .debug_str     0x00000000      0xbd7 Drivers\STM32F1xx_HAL_Driver\Src\stm32f1xx_hal.o
                                0xc76 (size before relaxing)
 .debug_str     0x00000bd7      0x2e1 Drivers\STM32F1xx_HAL_Driver\Src\stm32f1xx_hal_cortex.o
                                0xd9e (size before relaxing)
 .debug_str     0x00000eb8      0x1d0 Drivers\STM32F1xx_HAL_Driver\Src\stm32f1xx_hal_gpio.o
                                0x90b (size before relaxing)
 .debug_str     0x00001088      0xc39 Drivers\STM32F1xx_HAL_Driver\Src\stm32f1xx_hal_i2c.o
                               0x13a1 (size before relaxing)
 .debug_str     0x00001cc1      0x306 Drivers\STM32F1xx_HAL_Driver\Src\stm32f1xx_hal_rcc.o
                                0xae9 (size before relaxing)
 .debug_str     0x00001fc7      0x6cd Drivers\STM32F1xx_HAL_Driver\Src\stm32f1xx_hal_uart.o
                               0x1053 (size before relaxing)
 .debug_str     0x00002694      0x10a Src\RTC.o
                                0xe1d (size before relaxing)
 .debug_str     0x0000279e       0x69 Src\fonts.o
                                0x706 (size before relaxing)
 .debug_str     0x00002807       0x1b Src\gpio.o
                                0x6e5 (size before relaxing)
 .debug_str     0x00002822       0x4f Src\i2c.o
                                0xc3c (size before relaxing)
 .debug_str     0x00002871       0xa0 Src\main.o
                                0xf97 (size before relaxing)
 .debug_str     0x00002911       0xc0 Src\ssd1306.o
                                0xc66 (size before relaxing)
 .debug_str     0x000029d1       0x1b Src\stm32f1xx_hal_msp.o
                                0x71f (size before relaxing)
 .debug_str     0x000029ec       0xa6 Src\stm32f1xx_it.o
                                0x736 (size before relaxing)
 .debug_str     0x00002a92       0x4d Src\system_stm32f1xx.o
                                0x774 (size before relaxing)
 .debug_str     0x00002adf       0x1a Src\usart.o
                                0xb53 (size before relaxing)

.comment        0x00000000       0x7c
 .comment       0x00000000       0x7c Drivers\STM32F1xx_HAL_Driver\Src\stm32f1xx_hal.o
                                 0x7d (size before relaxing)
 .comment       0x0000007c       0x7d Drivers\STM32F1xx_HAL_Driver\Src\stm32f1xx_hal_cortex.o
 .comment       0x0000007c       0x7d Drivers\STM32F1xx_HAL_Driver\Src\stm32f1xx_hal_gpio.o
 .comment       0x0000007c       0x7d Drivers\STM32F1xx_HAL_Driver\Src\stm32f1xx_hal_i2c.o
 .comment       0x0000007c       0x7d Drivers\STM32F1xx_HAL_Driver\Src\stm32f1xx_hal_rcc.o
 .comment       0x0000007c       0x7d Drivers\STM32F1xx_HAL_Driver\Src\stm32f1xx_hal_uart.o
 .comment       0x0000007c       0x7d Src\RTC.o
 .comment       0x0000007c       0x7d Src\fonts.o
 .comment       0x0000007c       0x7d Src\gpio.o
 .comment       0x0000007c       0x7d Src\i2c.o
 .comment       0x0000007c       0x7d Src\main.o
 .comment       0x0000007c       0x7d Src\ssd1306.o
 .comment       0x0000007c       0x7d Src\stm32f1xx_hal_msp.o
 .comment       0x0000007c       0x7d Src\stm32f1xx_it.o
 .comment       0x0000007c       0x7d Src\system_stm32f1xx.o
 .comment       0x0000007c       0x7d Src\usart.o

.debug_frame    0x00000000     0x1ff0
 .debug_frame   0x00000000      0x1b0 Drivers\STM32F1xx_HAL_Driver\Src\stm32f1xx_hal.o
 .debug_frame   0x000001b0      0x120 Drivers\STM32F1xx_HAL_Driver\Src\stm32f1xx_hal_cortex.o
 .debug_frame   0x000002d0       0xd4 Drivers\STM32F1xx_HAL_Driver\Src\stm32f1xx_hal_gpio.o
 .debug_frame   0x000003a4      0x684 Drivers\STM32F1xx_HAL_Driver\Src\stm32f1xx_hal_i2c.o
 .debug_frame   0x00000a28      0x150 Drivers\STM32F1xx_HAL_Driver\Src\stm32f1xx_hal_rcc.o
 .debug_frame   0x00000b78      0x4a0 Drivers\STM32F1xx_HAL_Driver\Src\stm32f1xx_hal_uart.o
 .debug_frame   0x00001018      0x180 Src\RTC.o
 .debug_frame   0x00001198       0x28 Src\gpio.o
 .debug_frame   0x000011c0       0x80 Src\i2c.o
 .debug_frame   0x00001240       0x60 Src\main.o
 .debug_frame   0x000012a0       0xe8 Src\ssd1306.o
 .debug_frame   0x00001388       0x28 Src\stm32f1xx_hal_msp.o
 .debug_frame   0x000013b0       0xa0 Src\stm32f1xx_it.o
 .debug_frame   0x00001450       0x30 Src\system_stm32f1xx.o
 .debug_frame   0x00001480       0x60 Src\usart.o
 .debug_frame   0x000014e0       0x2c c:/program files (x86)/atollic/truestudio for stm32 9.1.0/armtools/bin/../lib/gcc/arm-atollic-eabi/6.3.1/../../../../arm-atollic-eabi/lib/armv7-m\libc.a(lib_a-init.o)
 .debug_frame   0x0000150c       0x28 c:/program files (x86)/atollic/truestudio for stm32 9.1.0/armtools/bin/../lib/gcc/arm-atollic-eabi/6.3.1/../../../../arm-atollic-eabi/lib/armv7-m\libc.a(lib_a-memcpy-stub.o)
 .debug_frame   0x00001534       0x20 c:/program files (x86)/atollic/truestudio for stm32 9.1.0/armtools/bin/../lib/gcc/arm-atollic-eabi/6.3.1/../../../../arm-atollic-eabi/lib/armv7-m\libc.a(lib_a-memset.o)
 .debug_frame   0x00001554       0x70 c:/program files (x86)/atollic/truestudio for stm32 9.1.0/armtools/bin/../lib/gcc/arm-atollic-eabi/6.3.1/../../../../arm-atollic-eabi/lib/armv7-m\libc.a(lib_a-sprintf.o)
 .debug_frame   0x000015c4       0x20 c:/program files (x86)/atollic/truestudio for stm32 9.1.0/armtools/bin/../lib/gcc/arm-atollic-eabi/6.3.1/../../../../arm-atollic-eabi/lib/armv7-m\libc.a(lib_a-strcpy.o)
 .debug_frame   0x000015e4       0x40 c:/program files (x86)/atollic/truestudio for stm32 9.1.0/armtools/bin/../lib/gcc/arm-atollic-eabi/6.3.1/../../../../arm-atollic-eabi/lib/armv7-m\libc.a(lib_a-svfprintf.o)
 .debug_frame   0x00001624       0x6c c:/program files (x86)/atollic/truestudio for stm32 9.1.0/armtools/bin/../lib/gcc/arm-atollic-eabi/6.3.1/../../../../arm-atollic-eabi/lib/armv7-m\libc.a(lib_a-dtoa.o)
 .debug_frame   0x00001690       0x40 c:/program files (x86)/atollic/truestudio for stm32 9.1.0/armtools/bin/../lib/gcc/arm-atollic-eabi/6.3.1/../../../../arm-atollic-eabi/lib/armv7-m\libc.a(lib_a-localeconv.o)
 .debug_frame   0x000016d0       0x30 c:/program files (x86)/atollic/truestudio for stm32 9.1.0/armtools/bin/../lib/gcc/arm-atollic-eabi/6.3.1/../../../../arm-atollic-eabi/lib/armv7-m\libc.a(lib_a-malloc.o)
 .debug_frame   0x00001700       0x40 c:/program files (x86)/atollic/truestudio for stm32 9.1.0/armtools/bin/../lib/gcc/arm-atollic-eabi/6.3.1/../../../../arm-atollic-eabi/lib/armv7-m\libc.a(lib_a-mallocr.o)
 .debug_frame   0x00001740       0x28 c:/program files (x86)/atollic/truestudio for stm32 9.1.0/armtools/bin/../lib/gcc/arm-atollic-eabi/6.3.1/../../../../arm-atollic-eabi/lib/armv7-m\libc.a(lib_a-memchr-stub.o)
 .debug_frame   0x00001768       0x30 c:/program files (x86)/atollic/truestudio for stm32 9.1.0/armtools/bin/../lib/gcc/arm-atollic-eabi/6.3.1/../../../../arm-atollic-eabi/lib/armv7-m\libc.a(lib_a-mlock.o)
 .debug_frame   0x00001798      0x244 c:/program files (x86)/atollic/truestudio for stm32 9.1.0/armtools/bin/../lib/gcc/arm-atollic-eabi/6.3.1/../../../../arm-atollic-eabi/lib/armv7-m\libc.a(lib_a-mprec.o)
 .debug_frame   0x000019dc       0x2c c:/program files (x86)/atollic/truestudio for stm32 9.1.0/armtools/bin/../lib/gcc/arm-atollic-eabi/6.3.1/../../../../arm-atollic-eabi/lib/armv7-m\libc.a(lib_a-sbrkr.o)
 .debug_frame   0x00001a08       0x6c c:/program files (x86)/atollic/truestudio for stm32 9.1.0/armtools/bin/../lib/gcc/arm-atollic-eabi/6.3.1/../../../../arm-atollic-eabi/lib/armv7-m\libc.a(lib_a-svfiprintf.o)
 .debug_frame   0x00001a74       0x28 c:/program files (x86)/atollic/truestudio for stm32 9.1.0/armtools/bin/../lib/gcc/arm-atollic-eabi/6.3.1/../../../../arm-atollic-eabi/lib/armv7-m\libc.a(lib_a-callocr.o)
 .debug_frame   0x00001a9c       0x60 c:/program files (x86)/atollic/truestudio for stm32 9.1.0/armtools/bin/../lib/gcc/arm-atollic-eabi/6.3.1/../../../../arm-atollic-eabi/lib/armv7-m\libc.a(lib_a-freer.o)
 .debug_frame   0x00001afc       0x68 c:/program files (x86)/atollic/truestudio for stm32 9.1.0/armtools/bin/../lib/gcc/arm-atollic-eabi/6.3.1/../../../../arm-atollic-eabi/lib/armv7-m\libc.a(lib_a-locale.o)
 .debug_frame   0x00001b64       0xb0 c:/program files (x86)/atollic/truestudio for stm32 9.1.0/armtools/bin/../lib/gcc/arm-atollic-eabi/6.3.1/../../../../arm-atollic-eabi/lib/armv7-m\libc.a(lib_a-lock.o)
 .debug_frame   0x00001c14       0x48 c:/program files (x86)/atollic/truestudio for stm32 9.1.0/armtools/bin/../lib/gcc/arm-atollic-eabi/6.3.1/../../../../arm-atollic-eabi/lib/armv7-m\libc.a(lib_a-mbtowc_r.o)
 .debug_frame   0x00001c5c       0x28 c:/program files (x86)/atollic/truestudio for stm32 9.1.0/armtools/bin/../lib/gcc/arm-atollic-eabi/6.3.1/../../../../arm-atollic-eabi/lib/armv7-m\libc.a(lib_a-memmove.o)
 .debug_frame   0x00001c84       0x50 c:/program files (x86)/atollic/truestudio for stm32 9.1.0/armtools/bin/../lib/gcc/arm-atollic-eabi/6.3.1/../../../../arm-atollic-eabi/lib/armv7-m\libc.a(lib_a-reallocr.o)
 .debug_frame   0x00001cd4       0x5c c:/program files (x86)/atollic/truestudio for stm32 9.1.0/armtools/bin/../lib/gcc/arm-atollic-eabi/6.3.1/../../../../arm-atollic-eabi/lib/armv7-m\libc.a(lib_a-reent.o)
 .debug_frame   0x00001d30       0x3c c:/program files (x86)/atollic/truestudio for stm32 9.1.0/armtools/bin/../lib/gcc/arm-atollic-eabi/6.3.1/../../../../arm-atollic-eabi/lib/armv7-m\libc.a(lib_a-wctomb_r.o)
 .debug_frame   0x00001d6c       0xac c:/program files (x86)/atollic/truestudio for stm32 9.1.0/armtools/bin/../lib/gcc/arm-atollic-eabi/6.3.1/armv7-m\libgcc.a(_arm_addsubdf3.o)
 .debug_frame   0x00001e18       0x50 c:/program files (x86)/atollic/truestudio for stm32 9.1.0/armtools/bin/../lib/gcc/arm-atollic-eabi/6.3.1/armv7-m\libgcc.a(_arm_muldivdf3.o)
 .debug_frame   0x00001e68       0xc4 c:/program files (x86)/atollic/truestudio for stm32 9.1.0/armtools/bin/../lib/gcc/arm-atollic-eabi/6.3.1/armv7-m\libgcc.a(_arm_cmpdf2.o)
 .debug_frame   0x00001f2c       0x20 c:/program files (x86)/atollic/truestudio for stm32 9.1.0/armtools/bin/../lib/gcc/arm-atollic-eabi/6.3.1/armv7-m\libgcc.a(_arm_unorddf2.o)
 .debug_frame   0x00001f4c       0x24 c:/program files (x86)/atollic/truestudio for stm32 9.1.0/armtools/bin/../lib/gcc/arm-atollic-eabi/6.3.1/armv7-m\libgcc.a(_arm_fixdfsi.o)
 .debug_frame   0x00001f70       0x2c c:/program files (x86)/atollic/truestudio for stm32 9.1.0/armtools/bin/../lib/gcc/arm-atollic-eabi/6.3.1/armv7-m\libgcc.a(_aeabi_uldivmod.o)
 .debug_frame   0x00001f9c       0x34 c:/program files (x86)/atollic/truestudio for stm32 9.1.0/armtools/bin/../lib/gcc/arm-atollic-eabi/6.3.1/armv7-m\libgcc.a(_udivmoddi4.o)
 .debug_frame   0x00001fd0       0x20 c:/program files (x86)/atollic/truestudio for stm32 9.1.0/armtools/bin/../lib/gcc/arm-atollic-eabi/6.3.1/../../../../arm-atollic-eabi/lib/armv7-m\libnosys.a(sbrk.o)
